// Jest Snapshot v1, https://goo.gl/fbAQLP

exports[`reducer commonSetState sets state from payload 1`] = `
Immutable.Map {
  "foo": "bar2",
}
`;

exports[`reducer commonSetState sets state from payload 2`] = `
Immutable.Map {
  "foo": "bar",
  "not-exist-key": "new-value",
}
`;
