// Jest Snapshot v1, https://goo.gl/fbAQLP

exports[`Storyshots Example story Hello World 1`] = `
<div>
  Hello world!
</div>
`;
